2026-08-04T14:35:29.2291770Z     __ __          __      __    _ __     
2026-08-04T14:35:29.2293746Z    / //_/_  _ ____/ /_  __/ /   (_) /____ 
2026-08-04T14:35:29.2293786Z   / ,< / / / / __  / / / / /   / / __/ _  
2026-08-04T14:35:29.2293801Z  / /| / /_/ / /_/ / /_/ / /___/ / /_/  __/
2026-08-04T14:35:29.2293816Z /_/ |_\__,_/\__,_/\__,_/_____/_/\__/\___/ 
2026-08-04T14:35:29.2293832Z 
2026-08-04T14:35:29.2293858Z                                           
2026-08-04T14:35:29.2293872Z DEBUG CONSOLE | AZURE APP SERVICE ON LINUX
2026-08-04T14:35:29.2293885Z 
2026-08-04T14:35:29.2293919Z Documentation: http://aka.ms/webapp-linux
2026-08-04T14:35:29.2293937Z Kudu Version : 20260710.3
2026-08-04T14:35:29.2293954Z Commit       : f09ba6e4cd2a50b20288bb2826f1ee5db6192e4f
2026-08-04T14:35:29.2293969Z Instance Name: lw0sdlwk000D5I
2026-08-04T14:35:29.2293988Z Instance Id  : be39435765bdc1e2915106fc7752ae45ac0b8144f3003e97e7d7d3ea6d8b5e67
2026-08-04T14:35:29.2294001Z 
2026-08-04T14:35:30.7796192Z chown: changing ownership of '/temp': Operation not permitted
2026-08-04T14:35:30.8299366Z chmod: changing permissions of '/temp': Operation not permitted
2026-08-04T14:35:35.5893910Z Restarting OpenBSD Secure Shell server: sshd.
2026-08-04T14:35:35.8621467Z node not running, starting node /opt/webssh/index.js
2026-08-04T14:36:07.5459505Z Tue Aug 4 14:36:07 UTC 2026 running .net core
2026-08-04T14:36:10.6424288Z Startup : 02.36.10.591514
2026-08-04T14:36:10.7121521Z Configure Services : 02.36.10.711925
2026-08-04T14:36:12.0614772Z Configure : 02.36.12.061276
2026-08-04T14:36:13.5563486Z Setting Up Routes : 02.36.13.548873
2026-08-04T14:36:13.6444480Z Exiting Configure : 02.36.13.644219
2026-08-04T14:36:14.2274872Z Hosting environment: Production
2026-08-04T14:36:14.2278121Z Content root path: /opt/Kudu
2026-08-04T14:36:14.2281269Z Now listening on: http://0.0.0.0:8181
2026-08-04T14:36:14.2283002Z Application started. Press Ctrl+C to shut down.
